// Jest Snapshot v1, https://goo.gl/fbAQLP

exports[`ManageUsers displays the list of users and defaults to the first user 1`] = `
<div>
  <div
    class="prime-container card-container"
  >
    <div
      class="usa-card__header"
    >
      <h2>
        Manage Users
      </h2>
      <button
        class="usa-button usa-button--outline"
        type="button"
      >
        + New user
      </button>
    </div>
    <div
      class="usa-card__body"
    >
      <p>
        Loading user data
      </p>
    </div>
  </div>
</div>
`;
