// Jest Snapshot v1, https://goo.gl/fbAQLP

exports[`SearchResults should say 'No Results' for no matches 1`] = `
<div
  className="card-container shadow-3 results-dropdown"
>
  <div
    className="usa-card__body"
  >
    <p>
      No results
    </p>
  </div>
</div>
`;

exports[`SearchResults should show matching results 1`] = `
<div
  className="card-container shadow-3 results-dropdown"
>
  <div
    className="usa-card__body"
  >
    <table
      className="usa-table usa-table--borderless"
    >
      <thead>
        <tr>
          <th
            scope="col"
          >
            Full name
          </th>
          <th
            scope="col"
          >
            Date of birth
          </th>
          <th
            scope="col"
          >
            Actions
          </th>
        </tr>
      </thead>
      <tbody>
        <tr>
          <td>
            Washington, George
          </td>
          <td />
          <td>
            <button
              className="usa-button usa-button--unstyled"
              onClick={[Function]}
              type="button"
            >
              Begin test
            </button>
          </td>
        </tr>
        <tr>
          <td>
            King, Martin Luther
          </td>
          <td />
          <td>
            <button
              className="usa-button usa-button--unstyled"
              onClick={[Function]}
              type="button"
            >
              Begin test
            </button>
          </td>
        </tr>
        <tr>
          <td>
            Obama, Barack Hussein
          </td>
          <td />
          <td>
            <button
              className="usa-button usa-button--unstyled"
              onClick={[Function]}
              type="button"
            >
              Begin test
            </button>
          </td>
        </tr>
      </tbody>
    </table>
  </div>
</div>
`;
