// Jest Snapshot v1, https://goo.gl/fbAQLP

exports[`TestResultsList should render a list of tests 1`] = `
<div>
  <main
    class="prime-home"
  >
    <div
      class="grid-container"
    >
      <div
        class="grid-row"
      >
        <div
          class="prime-container usa-card__container sr-test-results-list"
        >
          <div
            class="usa-card__header"
          >
            <h2>
              Test Results
              <span
                class="sr-showing-results-on-page"
              >
                Showing 
                2
                 of
                 
                2
              </span>
            </h2>
          </div>
          <div
            class="usa-card__body"
          >
            <table
              class="usa-table usa-table--borderless width-full"
            >
              <thead>
                <tr>
                  <th
                    scope="col"
                  >
                    Person
                     Name
                  </th>
                  <th
                    scope="col"
                  >
                    Date of Test
                  </th>
                  <th
                    scope="col"
                  >
                    Result
                  </th>
                  <th
                    scope="col"
                  >
                    Device
                  </th>
                  <th
                    scope="col"
                  >
                    Symptoms
                  </th>
                  <th
                    scope="col"
                  >
                    Submitter
                  </th>
                  <th
                    scope="col"
                  >
                    Actions
                  </th>
                </tr>
              </thead>
              <tbody>
                <tr
                  class="sr-test-result-row"
                  data-patient-link="https://simplereport.gov/pxp?plid=68c543e8-7c65-4047-955c-e3f65bb8b58a"
                  title=""
                >
                  <th
                    scope="row"
                  >
                    Cragell, Barb Whitaker
                  </th>
                  <td>
                    Mar 17, 2021 7:27 PM
                  </td>
                  <td>
                    NEGATIVE
                  </td>
                  <td>
                    Abbott IDNow
                  </td>
                  <td>
                    No
                  </td>
                  <td>
                    Arthur A Admin
                  </td>
                  <td>
                    <button
                      aria-expanded="false"
                      aria-haspopup="true"
                      class="rc-menu-button sr-actions-menu"
                    >
                      <svg
                        aria-hidden="true"
                        class="svg-inline--fa fa-ellipsis-h fa-w-16 fa-2x "
                        data-icon="ellipsis-h"
                        data-prefix="fas"
                        focusable="false"
                        role="img"
                        viewBox="0 0 512 512"
                        xmlns="http://www.w3.org/2000/svg"
                      >
                        <path
                          d="M328 256c0 39.8-32.2 72-72 72s-72-32.2-72-72 32.2-72 72-72 72 32.2 72 72zm104-72c-39.8 0-72 32.2-72 72s32.2 72 72 72 72-32.2 72-72-32.2-72-72-72zm-352 0c-39.8 0-72 32.2-72 72s32.2 72 72 72 72-32.2 72-72-32.2-72-72-72z"
                          fill="currentColor"
                        />
                      </svg>
                      <span
                        class="usa-sr-only"
                      >
                        More actions
                      </span>
                    </button>
                    <div
                      class="rc-menu-container"
                      role="presentation"
                    />
                  </td>
                </tr>
                <tr
                  class="sr-test-result-row"
                  data-patient-link="https://simplereport.gov/pxp?plid=68c543e8-7c65-4047-955c-e3f65bb8b58a"
                  title=""
                >
                  <th
                    scope="row"
                  >
                    Colleer, Barde X
                  </th>
                  <td>
                    Mar 17, 2021 7:27 PM
                  </td>
                  <td>
                    NEGATIVE
                  </td>
                  <td>
                    Abbott IDNow
                  </td>
                  <td>
                    Yes
                  </td>
                  <td>
                    Ursula User
                  </td>
                  <td>
                    <button
                      aria-expanded="false"
                      aria-haspopup="true"
                      class="rc-menu-button sr-actions-menu"
                    >
                      <svg
                        aria-hidden="true"
                        class="svg-inline--fa fa-ellipsis-h fa-w-16 fa-2x "
                        data-icon="ellipsis-h"
                        data-prefix="fas"
                        focusable="false"
                        role="img"
                        viewBox="0 0 512 512"
                        xmlns="http://www.w3.org/2000/svg"
                      >
                        <path
                          d="M328 256c0 39.8-32.2 72-72 72s-72-32.2-72-72 32.2-72 72-72 72 32.2 72 72zm104-72c-39.8 0-72 32.2-72 72s32.2 72 72 72 72-32.2 72-72-32.2-72-72-72zm-352 0c-39.8 0-72 32.2-72 72s32.2 72 72 72 72-32.2 72-72-32.2-72-72-72z"
                          fill="currentColor"
                        />
                      </svg>
                      <span
                        class="usa-sr-only"
                      >
                        More actions
                      </span>
                    </button>
                    <div
                      class="rc-menu-container"
                      role="presentation"
                    />
                  </td>
                </tr>
              </tbody>
            </table>
          </div>
          <div
            class="usa-card__footer"
          >
            <nav
              aria-label="Pagination"
              class="usa-pagination"
              role="navigation"
            >
              <ol>
                <li>
                  <a
                    aria-label="Page 1"
                    class="is-active"
                    href="/results/1"
                  >
                    <span>
                      1
                    </span>
                  </a>
                </li>
              </ol>
            </nav>
          </div>
        </div>
      </div>
    </div>
  </main>
</div>
`;
