// Jest Snapshot v1, https://goo.gl/fbAQLP

exports[`PatientForm snapshot 1`] = `
<main
  className="prime-edit-patient prime-home padding-top-0"
>
  <div
    className=""
  >
    <p>
      All fields marked with 
      <span
        className="usa-sr-only"
      >
        Required
      </span>
      <span
        className="usa-hint--required"
      >
         *
      </span>
       are required
    </p>
    <div
      className="prime-formgroup"
    >
      <fieldset
        className="usa-fieldset"
      >
        <legend
          className="prime-formgroup-heading usa-legend"
        >
          General info
        </legend>
        <div
          className="usa-form"
        >
          <div
            className="usa-form-group"
          >
            <label
              className="usa-label"
              htmlFor="text-test-1"
            >
              First name
              <span
                className="usa-sr-only"
              >
                Required
              </span>
              <span
                className="usa-hint--required"
              >
                 *
              </span>
            </label>
            <input
              aria-required={true}
              className="usa-input"
              id="text-test-1"
              name="firstName"
              onChange={[Function]}
              type="text"
              value="Malik"
            />
          </div>
          <div
            className="usa-form-group"
          >
            <label
              className="usa-label"
              htmlFor="text-test-1"
            >
              Middle name
              <span
                className="usa-hint"
              >
                 (optional)
              </span>
            </label>
            <input
              aria-required="false"
              className="usa-input"
              id="text-test-1"
              name="middleName"
              onChange={[Function]}
              type="text"
              value="McKenzie Albert"
            />
          </div>
          <div
            className="usa-form-group"
          >
            <label
              className="usa-label"
              htmlFor="text-test-1"
            >
              Last name
              <span
                className="usa-sr-only"
              >
                Required
              </span>
              <span
                className="usa-hint--required"
              >
                 *
              </span>
            </label>
            <input
              aria-required={true}
              className="usa-input"
              id="text-test-1"
              name="lastName"
              onChange={[Function]}
              type="text"
              value="Massey"
            />
          </div>
        </div>
        <div
          className="usa-form"
        >
          <div
            className="usa-form-group"
          >
            <label
              className="usa-label"
              htmlFor="text-test-1"
            >
              Lookup ID
              <span
                className="usa-hint"
              >
                 (optional)
              </span>
            </label>
            <input
              aria-required="false"
              className="usa-input"
              id="text-test-1"
              name="lookupId"
              onChange={[Function]}
              type="text"
              value=""
            />
          </div>
          <div
            className="usa-form-group prime-dropdown "
          >
            <label
              className="usa-label"
              htmlFor="drop-test-1"
            >
              Role
              <span
                className="usa-hint"
              >
                 (optional)
              </span>
            </label>
            <select
              className="usa-select"
              id="drop-test-1"
              name="role"
              onChange={[Function]}
              value=""
            >
              <option
                value=""
              >
                -Select-
              </option>
              <option
                value="STAFF"
              >
                Staff
              </option>
              <option
                value="RESIDENT"
              >
                Resident
              </option>
              <option
                value="STUDENT"
              >
                Student
              </option>
              <option
                value="VISITOR"
              >
                Visitor
              </option>
            </select>
          </div>
        </div>
        <div
          className="usa-form"
        >
          <div
            className="usa-form-group"
          >
            <label
              className="usa-label"
              htmlFor="text-test-1"
            >
              Date of birth (mm/dd/yyyy)
              <span
                className="usa-sr-only"
              >
                Required
              </span>
              <span
                className="usa-hint--required"
              >
                 *
              </span>
            </label>
            <input
              aria-required={true}
              className="usa-input"
              id="text-test-1"
              name="birthDate"
              onChange={[Function]}
              type="date"
              value="1987-01-31"
            />
          </div>
        </div>
      </fieldset>
    </div>
    <div
      className="prime-formgroup"
    >
      <fieldset
        className="usa-fieldset"
      >
        <legend
          className="prime-formgroup-heading usa-legend"
        >
          Contact information
        </legend>
        <div
          className="usa-form"
        >
          <div
            className="grid-row grid-gap"
          >
            <div
              className="mobile-lg:grid-col-6"
            >
              <div
                className="usa-form-group"
              >
                <label
                  className="usa-label"
                  htmlFor="text-test-1"
                >
                  Phone number
                  <span
                    className="usa-sr-only"
                  >
                    Required
                  </span>
                  <span
                    className="usa-hint--required"
                  >
                     *
                  </span>
                </label>
                <input
                  aria-required={true}
                  className="usa-input"
                  id="text-test-1"
                  name="telephone"
                  onChange={[Function]}
                  type="tel"
                  value=""
                />
              </div>
            </div>
          </div>
          <div
            className="usa-form-group"
          >
            <label
              className="usa-label"
              htmlFor="text-test-1"
            >
              Email address
              <span
                className="usa-hint"
              >
                 (optional)
              </span>
            </label>
            <input
              aria-required="false"
              className="usa-input"
              id="text-test-1"
              name="email"
              onChange={[Function]}
              type="email"
              value=""
            />
          </div>
        </div>
        <div
          className="usa-form"
        >
          <div
            className="usa-form-group"
          >
            <label
              className="usa-label"
              htmlFor="text-test-1"
            >
              Street address 1
              <span
                className="usa-sr-only"
              >
                Required
              </span>
              <span
                className="usa-hint--required"
              >
                 *
              </span>
            </label>
            <input
              aria-required={true}
              className="usa-input"
              id="text-test-1"
              name="street"
              onChange={[Function]}
              type="text"
              value=""
            />
          </div>
        </div>
        <div
          className="usa-form"
        >
          <div
            className="usa-form-group"
          >
            <label
              className="usa-label"
              htmlFor="text-test-1"
            >
              Street address 2
              <span
                className="usa-hint"
              >
                 (optional)
              </span>
            </label>
            <input
              aria-required="false"
              className="usa-input"
              id="text-test-1"
              name="streetTwo"
              onChange={[Function]}
              type="text"
              value=""
            />
          </div>
        </div>
        <div
          className="usa-form"
        >
          <div
            className="usa-form-group"
          >
            <label
              className="usa-label"
              htmlFor="text-test-1"
            >
              City
              <span
                className="usa-hint"
              >
                 (optional)
              </span>
            </label>
            <input
              aria-required="false"
              className="usa-input"
              id="text-test-1"
              name="city"
              onChange={[Function]}
              type="text"
              value=""
            />
          </div>
          <div
            className="usa-form-group"
          >
            <label
              className="usa-label"
              htmlFor="text-test-1"
            >
              County
              <span
                className="usa-hint"
              >
                 (optional)
              </span>
            </label>
            <input
              aria-required="false"
              className="usa-input"
              id="text-test-1"
              name="county"
              onChange={[Function]}
              type="text"
              value=""
            />
          </div>
          <div
            className="grid-row grid-gap"
          >
            <div
              className="mobile-lg:grid-col-6"
            >
              <div
                className="usa-form-group prime-dropdown "
              >
                <label
                  className="usa-label"
                  htmlFor="drop-test-1"
                >
                  State
                  <span
                    className="usa-sr-only"
                  >
                    Required
                  </span>
                  <span
                    className="usa-hint--required"
                  >
                     *
                  </span>
                </label>
                <select
                  className="usa-select"
                  id="drop-test-1"
                  name="state"
                  onChange={[Function]}
                  value=""
                >
                  <option>
                    - Select -
                  </option>
                  <option
                    value="AK"
                  >
                    AK
                  </option>
                  <option
                    value="AL"
                  >
                    AL
                  </option>
                  <option
                    value="AR"
                  >
                    AR
                  </option>
                  <option
                    value="AS"
                  >
                    AS
                  </option>
                  <option
                    value="AZ"
                  >
                    AZ
                  </option>
                  <option
                    value="CA"
                  >
                    CA
                  </option>
                  <option
                    value="CO"
                  >
                    CO
                  </option>
                  <option
                    value="CT"
                  >
                    CT
                  </option>
                  <option
                    value="DC"
                  >
                    DC
                  </option>
                  <option
                    value="DE"
                  >
                    DE
                  </option>
                  <option
                    value="FL"
                  >
                    FL
                  </option>
                  <option
                    value="GA"
                  >
                    GA
                  </option>
                  <option
                    value="GU"
                  >
                    GU
                  </option>
                  <option
                    value="HI"
                  >
                    HI
                  </option>
                  <option
                    value="IA"
                  >
                    IA
                  </option>
                  <option
                    value="ID"
                  >
                    ID
                  </option>
                  <option
                    value="IL"
                  >
                    IL
                  </option>
                  <option
                    value="IN"
                  >
                    IN
                  </option>
                  <option
                    value="KS"
                  >
                    KS
                  </option>
                  <option
                    value="KY"
                  >
                    KY
                  </option>
                  <option
                    value="LA"
                  >
                    LA
                  </option>
                  <option
                    value="MA"
                  >
                    MA
                  </option>
                  <option
                    value="MD"
                  >
                    MD
                  </option>
                  <option
                    value="ME"
                  >
                    ME
                  </option>
                  <option
                    value="MI"
                  >
                    MI
                  </option>
                  <option
                    value="MN"
                  >
                    MN
                  </option>
                  <option
                    value="MO"
                  >
                    MO
                  </option>
                  <option
                    value="MS"
                  >
                    MS
                  </option>
                  <option
                    value="MT"
                  >
                    MT
                  </option>
                  <option
                    value="NC"
                  >
                    NC
                  </option>
                  <option
                    value="ND"
                  >
                    ND
                  </option>
                  <option
                    value="NE"
                  >
                    NE
                  </option>
                  <option
                    value="NH"
                  >
                    NH
                  </option>
                  <option
                    value="NJ"
                  >
                    NJ
                  </option>
                  <option
                    value="NM"
                  >
                    NM
                  </option>
                  <option
                    value="NV"
                  >
                    NV
                  </option>
                  <option
                    value="NY"
                  >
                    NY
                  </option>
                  <option
                    value="OH"
                  >
                    OH
                  </option>
                  <option
                    value="OK"
                  >
                    OK
                  </option>
                  <option
                    value="OR"
                  >
                    OR
                  </option>
                  <option
                    value="PA"
                  >
                    PA
                  </option>
                  <option
                    value="PR"
                  >
                    PR
                  </option>
                  <option
                    value="RI"
                  >
                    RI
                  </option>
                  <option
                    value="SC"
                  >
                    SC
                  </option>
                  <option
                    value="SD"
                  >
                    SD
                  </option>
                  <option
                    value="TN"
                  >
                    TN
                  </option>
                  <option
                    value="TX"
                  >
                    TX
                  </option>
                  <option
                    value="UT"
                  >
                    UT
                  </option>
                  <option
                    value="VA"
                  >
                    VA
                  </option>
                  <option
                    value="VI"
                  >
                    VI
                  </option>
                  <option
                    value="VT"
                  >
                    VT
                  </option>
                  <option
                    value="WA"
                  >
                    WA
                  </option>
                  <option
                    value="WI"
                  >
                    WI
                  </option>
                  <option
                    value="WV"
                  >
                    WV
                  </option>
                  <option
                    value="WY"
                  >
                    WY
                  </option>
                </select>
              </div>
            </div>
            <div
              className="mobile-lg:grid-col-6"
            >
              <div
                className="usa-form-group"
              >
                <label
                  className="usa-label"
                  htmlFor="text-test-1"
                >
                  Zip code
                  <span
                    className="usa-sr-only"
                  >
                    Required
                  </span>
                  <span
                    className="usa-hint--required"
                  >
                     *
                  </span>
                </label>
                <input
                  aria-required={true}
                  className="usa-input"
                  id="text-test-1"
                  name="zipCode"
                  onChange={[Function]}
                  type="text"
                  value=""
                />
              </div>
            </div>
          </div>
        </div>
      </fieldset>
    </div>
    <div
      className="prime-formgroup"
    >
      <fieldset
        className="usa-fieldset"
      >
        <legend
          className="prime-formgroup-heading usa-legend"
        >
          Demographics
        </legend>
        <button
          className="usa-button usa-button--unstyled margin-top-1 margin-bottom-2 line-height-sans-2"
          onClick={[Function]}
          type="button"
        >
          Why are we asking for this information?
        </button>
        <fieldset
          className="usa-fieldset prime-radios"
        >
          <legend
            className="usa-legend"
          >
            Race
            <span
              className="usa-hint"
            >
               (optional)
            </span>
          </legend>
          <div
            className="usa-form-group"
          >
            <div
              className="usa-radio"
            >
              <input
                checked={false}
                className="usa-radio__input"
                disabled={false}
                id="radio-test-1_native_0"
                name="race"
                onChange={[Function]}
                type="radio"
                value="native"
              />
              <label
                className="usa-radio__label"
                htmlFor="radio-test-1_native_0"
              >
                American Indian or Alaskan Native
              </label>
            </div>
            <div
              className="usa-radio"
            >
              <input
                checked={false}
                className="usa-radio__input"
                disabled={false}
                id="radio-test-1_asian_1"
                name="race"
                onChange={[Function]}
                type="radio"
                value="asian"
              />
              <label
                className="usa-radio__label"
                htmlFor="radio-test-1_asian_1"
              >
                Asian
              </label>
            </div>
            <div
              className="usa-radio"
            >
              <input
                checked={false}
                className="usa-radio__input"
                disabled={false}
                id="radio-test-1_black_2"
                name="race"
                onChange={[Function]}
                type="radio"
                value="black"
              />
              <label
                className="usa-radio__label"
                htmlFor="radio-test-1_black_2"
              >
                Black or African American
              </label>
            </div>
            <div
              className="usa-radio"
            >
              <input
                checked={false}
                className="usa-radio__input"
                disabled={false}
                id="radio-test-1_pacific_3"
                name="race"
                onChange={[Function]}
                type="radio"
                value="pacific"
              />
              <label
                className="usa-radio__label"
                htmlFor="radio-test-1_pacific_3"
              >
                Native Hawaiian or other Pacific Islander
              </label>
            </div>
            <div
              className="usa-radio"
            >
              <input
                checked={false}
                className="usa-radio__input"
                disabled={false}
                id="radio-test-1_white_4"
                name="race"
                onChange={[Function]}
                type="radio"
                value="white"
              />
              <label
                className="usa-radio__label"
                htmlFor="radio-test-1_white_4"
              >
                White
              </label>
            </div>
            <div
              className="usa-radio"
            >
              <input
                checked={false}
                className="usa-radio__input"
                disabled={false}
                id="radio-test-1_unknown_5"
                name="race"
                onChange={[Function]}
                type="radio"
                value="unknown"
              />
              <label
                className="usa-radio__label"
                htmlFor="radio-test-1_unknown_5"
              >
                Unknown
              </label>
            </div>
            <div
              className="usa-radio"
            >
              <input
                checked={false}
                className="usa-radio__input"
                disabled={false}
                id="radio-test-1_refused_6"
                name="race"
                onChange={[Function]}
                type="radio"
                value="refused"
              />
              <label
                className="usa-radio__label"
                htmlFor="radio-test-1_refused_6"
              >
                Refused to answer
              </label>
            </div>
          </div>
        </fieldset>
        <fieldset
          className="usa-fieldset prime-radios"
        >
          <legend
            className="usa-legend"
          >
            Ethnicity
            <span
              className="usa-hint"
            >
               (optional)
            </span>
          </legend>
          <div
            className="usa-form-group"
          >
            <div
              className="usa-radio"
            >
              <input
                checked={false}
                className="usa-radio__input"
                disabled={false}
                id="radio-test-1_hispanic_0"
                name="ethnicity"
                onChange={[Function]}
                type="radio"
                value="hispanic"
              />
              <label
                className="usa-radio__label"
                htmlFor="radio-test-1_hispanic_0"
              >
                Hispanic or Latino
              </label>
            </div>
            <div
              className="usa-radio"
            >
              <input
                checked={false}
                className="usa-radio__input"
                disabled={false}
                id="radio-test-1_not_hispanic_1"
                name="ethnicity"
                onChange={[Function]}
                type="radio"
                value="not_hispanic"
              />
              <label
                className="usa-radio__label"
                htmlFor="radio-test-1_not_hispanic_1"
              >
                Not Hispanic
              </label>
            </div>
          </div>
        </fieldset>
        <fieldset
          className="usa-fieldset prime-radios"
        >
          <legend
            className="usa-legend"
          >
            Biological Sex
            <span
              className="usa-hint"
            >
               (optional)
            </span>
          </legend>
          <div
            className="usa-form-group"
          >
            <div
              className="usa-radio"
            >
              <input
                checked={false}
                className="usa-radio__input"
                disabled={false}
                id="radio-test-1_male_0"
                name="gender"
                onChange={[Function]}
                type="radio"
                value="male"
              />
              <label
                className="usa-radio__label"
                htmlFor="radio-test-1_male_0"
              >
                Male
              </label>
            </div>
            <div
              className="usa-radio"
            >
              <input
                checked={false}
                className="usa-radio__input"
                disabled={false}
                id="radio-test-1_female_1"
                name="gender"
                onChange={[Function]}
                type="radio"
                value="female"
              />
              <label
                className="usa-radio__label"
                htmlFor="radio-test-1_female_1"
              >
                Female
              </label>
            </div>
            <div
              className="usa-radio"
            >
              <input
                checked={false}
                className="usa-radio__input"
                disabled={false}
                id="radio-test-1_other_2"
                name="gender"
                onChange={[Function]}
                type="radio"
                value="other"
              />
              <label
                className="usa-radio__label"
                htmlFor="radio-test-1_other_2"
              >
                Other
              </label>
            </div>
          </div>
        </fieldset>
      </fieldset>
    </div>
    <div
      className="prime-formgroup"
    >
      <fieldset
        className="usa-fieldset"
      >
        <legend
          className="prime-formgroup-heading usa-legend"
        >
          Other
        </legend>
        <fieldset
          className="usa-fieldset prime-radios"
        >
          <legend
            className="usa-legend"
          >
            Resident in congregate care/living setting?
            <span
              className="usa-sr-only"
            >
              Required
            </span>
            <span
              className="usa-hint--required"
            >
               *
            </span>
          </legend>
          <div
            className="usa-form-group"
          >
            <div
              className="usa-radio"
            >
              <input
                checked={false}
                className="usa-radio__input"
                disabled={false}
                id="radio-test-1_YES_0"
                name="residentCongregateSetting"
                onChange={[Function]}
                type="radio"
                value="YES"
              />
              <label
                className="usa-radio__label"
                htmlFor="radio-test-1_YES_0"
              >
                Yes
              </label>
            </div>
            <div
              className="usa-radio"
            >
              <input
                checked={false}
                className="usa-radio__input"
                disabled={false}
                id="radio-test-1_NO_1"
                name="residentCongregateSetting"
                onChange={[Function]}
                type="radio"
                value="NO"
              />
              <label
                className="usa-radio__label"
                htmlFor="radio-test-1_NO_1"
              >
                No
              </label>
            </div>
          </div>
        </fieldset>
        <fieldset
          className="usa-fieldset prime-radios"
        >
          <legend
            className="usa-legend"
          >
            Work in Healthcare?
            <span
              className="usa-sr-only"
            >
              Required
            </span>
            <span
              className="usa-hint--required"
            >
               *
            </span>
          </legend>
          <div
            className="usa-form-group"
          >
            <div
              className="usa-radio"
            >
              <input
                checked={false}
                className="usa-radio__input"
                disabled={false}
                id="radio-test-1_YES_0"
                name="employedInHealthcare"
                onChange={[Function]}
                type="radio"
                value="YES"
              />
              <label
                className="usa-radio__label"
                htmlFor="radio-test-1_YES_0"
              >
                Yes
              </label>
            </div>
            <div
              className="usa-radio"
            >
              <input
                checked={false}
                className="usa-radio__input"
                disabled={false}
                id="radio-test-1_NO_1"
                name="employedInHealthcare"
                onChange={[Function]}
                type="radio"
                value="NO"
              />
              <label
                className="usa-radio__label"
                htmlFor="radio-test-1_NO_1"
              >
                No
              </label>
            </div>
          </div>
        </fieldset>
      </fieldset>
    </div>
    <div
      className="mobile-lg:display-flex flex-justify-end margin-top-2"
    >
      <button
        className="usa-button usa-button-disabled"
        disabled={true}
        id="edit-patient-save-lower"
        onClick={[Function]}
        type="button"
      >
        Save and continue
      </button>
      <button
        className="usa-button usa-button--outline margin-top-1 mobile-lg:margin-top-0 margin-right-0"
        onClick={[Function]}
        type="button"
      >
        Back
      </button>
    </div>
  </div>
</main>
`;
