// Jest Snapshot v1, https://goo.gl/fbAQLP

exports[`DOB snapshot matches 1`] = `
<main>
  <div
    className="grid-container maxw-tablet"
  >
    <p
      className="margin-top-3"
    >
      Enter your date of birth to access your COVID-19 Testing Portal.
    </p>
    <form
      className="usa-form"
      onSubmit={[Function]}
    >
      <div
        className="usa-form-group"
      >
        <label
          aria-describedby="bdayFormat"
          className="usa-label"
          htmlFor="1"
        >
          Date of birth
        </label>
        <span
          className="usa-hint text-ls-1"
        >
          MM/DD/YYYY or MMDDYYYY
        </span>
        <input
          aria-required="false"
          autoComplete="bday"
          className="usa-input"
          id="1"
          inputMode="numeric"
          name="birthDate"
          onChange={[Function]}
          pattern="([0-9]{1,2}/[0-9]{1,2}/[0-9]{4})|([0-9]{8})"
          size={8}
          type="password"
          value=""
        />
      </div>
      <button
        className="usa-button"
        id="dob-submit-button"
        type="submit"
      >
        Continue
      </button>
    </form>
  </div>
</main>
`;
