// Jest Snapshot v1, https://goo.gl/fbAQLP

exports[`Page No children renders 1`] = `<Page />`;
